<?xml version="1.0" encoding="utf-8"?><testsuite errors="0" failures="0" name="pytest" skipped="0" tests="1" time="0.089"><testcase classname="test_alwayspass" name="test_alwayspass" time="0.001"></testcase></testsuite>